<?xml version="1.0" encoding="UTF-8"?>
<TestRun id="bb54c587-4138-4e5d-b014-6f773376ef4f" name="Admin@DOTNET 2018-09-12 09:40:48" runUser="DOTNET\Admin" xmlns="http://microsoft.com/schemas/VisualStudio/TeamTest/2010">
  <TestSettings name="Local" id="6a1b1172-c994-48fe-a13e-48fe8ca24e83">
    <Description>These are default test settings for a local test run.</Description>
    <Deployment runDeploymentRoot="Admin_DOTNET 2018-09-12 09_40_48">
      <DeploymentItem filename="C:\Users\Admin\Desktop\Final-Submission\Project_Manager.Service\packages\EntityFramework.6.2.0\lib\net45\EntityFramework.SqlServer.dll" />
      <DeploymentItem filename="C:\Users\Admin\Desktop\Final-Submission\Project_Manager.Service\ProjectManager.DataLayer\bin\Debug\ProjectManager.DataLayer.dll" />
      <DeploymentItem filename="C:\Users\Admin\Desktop\Final-Submission\Project_Manager.Service\packages\EntityFramework.6.2.0\lib\net45\EntityFramework.dll" />
      <DeploymentItem filename="C:\Users\Admin\Desktop\Final-Submission\Project_Manager.Service\ProjectManager.WebAPI\bin\ProjectManager.WebAPI.dll" />
      <DeploymentItem filename="C:\Users\Admin\Desktop\Final-Submission\Project_Manager.Service\packages\Microsoft.AspNet.WebApi.Client.5.2.6\lib\net45\System.Net.Http.Formatting.dll" />
      <DeploymentItem filename="C:\Users\Admin\Desktop\Final-Submission\Project_Manager.Service\ProjectManager.BusinessLayer\bin\Debug\ProjectManager.BusinessLayer.dll" />
      <DeploymentItem filename="C:\Users\Admin\Desktop\Final-Submission\Project_Manager.Service\ProjectManager.WebAPI.Tests\bin\Debug\System.Web.Http.dll" />
      <DeploymentItem filename="C:\Users\Admin\Desktop\Final-Submission\Project_Manager.Service\packages\Newtonsoft.Json.6.0.4\lib\net45\Newtonsoft.Json.dll" />
    </Deployment>
    <Execution>
      <TestTypeSpecific />
      <AgentRule name="Execution Agents">
      </AgentRule>
    </Execution>
    <Properties>
      <Property name="TestSettingsUIType" value="UnitTest" />
    </Properties>
  </TestSettings>
  <Times creation="2018-09-12T09:40:48.9988232+05:30" queuing="2018-09-12T09:40:51.7678236+05:30" start="2018-09-12T09:40:51.9408233+05:30" finish="2018-09-12T09:43:08.9148234+05:30" />
  <ResultSummary outcome="Aborted">
    <Counters total="1" executed="1" error="0" failed="0" timeout="0" aborted="1" inconclusive="0" passedButRunAborted="0" notRunnable="0" notExecuted="0" disconnected="0" warning="0" passed="0" completed="0" inProgress="0" pending="0" />
  </ResultSummary>
  <TestDefinitions>
    <UnitTest name="TestUpdateTask" storage="c:\users\admin\desktop\final-submission\project_manager.service\projectmanager.webapi.tests\bin\debug\projectmanager.webapi.tests.dll" id="7663e6d4-322b-56cf-3fe7-792fb6f9d76c">
      <TestMethod codeBase="C:/Users/Admin/Desktop/Final-Submission/Project_Manager.Service/ProjectManager.WebAPI.Tests/bin/Debug/ProjectManager.WebAPI.Tests.DLL" adapterTypeName="Microsoft.VisualStudio.TestTools.TestTypes.Unit.UnitTestAdapter, Microsoft.VisualStudio.QualityTools.Tips.UnitTest.Adapter, Version=15.0.0.0, Culture=neutral, PublicKeyToken=b03f5f7f11d50a3a" className="ProjectManager.WebAPI.Tests.ProjectManagerUnitTest, ProjectManager.WebAPI.Tests, Version=1.0.0.0, Culture=neutral, PublicKeyToken=null" name="TestUpdateTask" />
    </UnitTest>
    <UnitTest name="TestAddUser" storage="c:\users\admin\desktop\final-submission\project_manager.service\projectmanager.webapi.tests\bin\debug\projectmanager.webapi.tests.dll" id="58891cc7-6a2f-92a8-6ed6-b86711af9b84">
      <TestMethod codeBase="C:/Users/Admin/Desktop/Final-Submission/Project_Manager.Service/ProjectManager.WebAPI.Tests/bin/Debug/ProjectManager.WebAPI.Tests.DLL" adapterTypeName="Microsoft.VisualStudio.TestTools.TestTypes.Unit.UnitTestAdapter, Microsoft.VisualStudio.QualityTools.Tips.UnitTest.Adapter, Version=15.0.0.0, Culture=neutral, PublicKeyToken=b03f5f7f11d50a3a" className="ProjectManager.WebAPI.Tests.ProjectManagerUnitTest, ProjectManager.WebAPI.Tests, Version=1.0.0.0, Culture=neutral, PublicKeyToken=null" name="TestAddUser" />
    </UnitTest>
    <UnitTest name="TestDeleteTask" storage="c:\users\admin\desktop\final-submission\project_manager.service\projectmanager.webapi.tests\bin\debug\projectmanager.webapi.tests.dll" id="6aaec2e4-814c-022e-cf68-6872819feaa9">
      <TestMethod codeBase="C:/Users/Admin/Desktop/Final-Submission/Project_Manager.Service/ProjectManager.WebAPI.Tests/bin/Debug/ProjectManager.WebAPI.Tests.DLL" adapterTypeName="Microsoft.VisualStudio.TestTools.TestTypes.Unit.UnitTestAdapter, Microsoft.VisualStudio.QualityTools.Tips.UnitTest.Adapter, Version=15.0.0.0, Culture=neutral, PublicKeyToken=b03f5f7f11d50a3a" className="ProjectManager.WebAPI.Tests.ProjectManagerUnitTest, ProjectManager.WebAPI.Tests, Version=1.0.0.0, Culture=neutral, PublicKeyToken=null" name="TestDeleteTask" />
    </UnitTest>
    <UnitTest name="TestAddTask" storage="c:\users\admin\desktop\final-submission\project_manager.service\projectmanager.webapi.tests\bin\debug\projectmanager.webapi.tests.dll" id="179cf89d-cea0-8635-40da-763d80bc5919">
      <TestMethod codeBase="C:/Users/Admin/Desktop/Final-Submission/Project_Manager.Service/ProjectManager.WebAPI.Tests/bin/Debug/ProjectManager.WebAPI.Tests.DLL" adapterTypeName="Microsoft.VisualStudio.TestTools.TestTypes.Unit.UnitTestAdapter, Microsoft.VisualStudio.QualityTools.Tips.UnitTest.Adapter, Version=15.0.0.0, Culture=neutral, PublicKeyToken=b03f5f7f11d50a3a" className="ProjectManager.WebAPI.Tests.ProjectManagerUnitTest, ProjectManager.WebAPI.Tests, Version=1.0.0.0, Culture=neutral, PublicKeyToken=null" name="TestAddTask" />
    </UnitTest>
    <UnitTest name="TestGetTask" storage="c:\users\admin\desktop\final-submission\project_manager.service\projectmanager.webapi.tests\bin\debug\projectmanager.webapi.tests.dll" id="0c0f1f01-8cef-c381-e414-3763b0717e68">
      <TestMethod codeBase="C:/Users/Admin/Desktop/Final-Submission/Project_Manager.Service/ProjectManager.WebAPI.Tests/bin/Debug/ProjectManager.WebAPI.Tests.DLL" adapterTypeName="Microsoft.VisualStudio.TestTools.TestTypes.Unit.UnitTestAdapter, Microsoft.VisualStudio.QualityTools.Tips.UnitTest.Adapter, Version=15.0.0.0, Culture=neutral, PublicKeyToken=b03f5f7f11d50a3a" className="ProjectManager.WebAPI.Tests.ProjectManagerUnitTest, ProjectManager.WebAPI.Tests, Version=1.0.0.0, Culture=neutral, PublicKeyToken=null" name="TestGetTask" />
    </UnitTest>
    <UnitTest name="TestGetUsers" storage="c:\users\admin\desktop\final-submission\project_manager.service\projectmanager.webapi.tests\bin\debug\projectmanager.webapi.tests.dll" id="ca45434a-369a-1a15-472a-2289c847c424">
      <TestMethod codeBase="C:/Users/Admin/Desktop/Final-Submission/Project_Manager.Service/ProjectManager.WebAPI.Tests/bin/Debug/ProjectManager.WebAPI.Tests.DLL" adapterTypeName="Microsoft.VisualStudio.TestTools.TestTypes.Unit.UnitTestAdapter, Microsoft.VisualStudio.QualityTools.Tips.UnitTest.Adapter, Version=15.0.0.0, Culture=neutral, PublicKeyToken=b03f5f7f11d50a3a" className="ProjectManager.WebAPI.Tests.ProjectManagerUnitTest, ProjectManager.WebAPI.Tests, Version=1.0.0.0, Culture=neutral, PublicKeyToken=null" name="TestGetUsers" />
    </UnitTest>
    <UnitTest name="TestGetCompleted" storage="c:\users\admin\desktop\final-submission\project_manager.service\projectmanager.webapi.tests\bin\debug\projectmanager.webapi.tests.dll" id="7850b4fd-ecef-c914-3b2f-5673e64ebb39">
      <TestMethod codeBase="C:/Users/Admin/Desktop/Final-Submission/Project_Manager.Service/ProjectManager.WebAPI.Tests/bin/Debug/ProjectManager.WebAPI.Tests.DLL" adapterTypeName="Microsoft.VisualStudio.TestTools.TestTypes.Unit.UnitTestAdapter, Microsoft.VisualStudio.QualityTools.Tips.UnitTest.Adapter, Version=15.0.0.0, Culture=neutral, PublicKeyToken=b03f5f7f11d50a3a" className="ProjectManager.WebAPI.Tests.ProjectManagerUnitTest, ProjectManager.WebAPI.Tests, Version=1.0.0.0, Culture=neutral, PublicKeyToken=null" name="TestGetCompleted" />
    </UnitTest>
    <UnitTest name="TestAddProject" storage="c:\users\admin\desktop\final-submission\project_manager.service\projectmanager.webapi.tests\bin\debug\projectmanager.webapi.tests.dll" id="3df836f1-eabe-e8c0-19e0-1550a6f05844">
      <TestMethod codeBase="C:/Users/Admin/Desktop/Final-Submission/Project_Manager.Service/ProjectManager.WebAPI.Tests/bin/Debug/ProjectManager.WebAPI.Tests.DLL" adapterTypeName="Microsoft.VisualStudio.TestTools.TestTypes.Unit.UnitTestAdapter, Microsoft.VisualStudio.QualityTools.Tips.UnitTest.Adapter, Version=15.0.0.0, Culture=neutral, PublicKeyToken=b03f5f7f11d50a3a" className="ProjectManager.WebAPI.Tests.ProjectManagerUnitTest, ProjectManager.WebAPI.Tests, Version=1.0.0.0, Culture=neutral, PublicKeyToken=null" name="TestAddProject" />
    </UnitTest>
    <UnitTest name="TestUpdateUser" storage="c:\users\admin\desktop\final-submission\project_manager.service\projectmanager.webapi.tests\bin\debug\projectmanager.webapi.tests.dll" id="dcb302d8-5051-cf46-9d25-7b5f9ef7ebf6">
      <TestMethod codeBase="C:/Users/Admin/Desktop/Final-Submission/Project_Manager.Service/ProjectManager.WebAPI.Tests/bin/Debug/ProjectManager.WebAPI.Tests.DLL" adapterTypeName="Microsoft.VisualStudio.TestTools.TestTypes.Unit.UnitTestAdapter, Microsoft.VisualStudio.QualityTools.Tips.UnitTest.Adapter, Version=15.0.0.0, Culture=neutral, PublicKeyToken=b03f5f7f11d50a3a" className="ProjectManager.WebAPI.Tests.ProjectManagerUnitTest, ProjectManager.WebAPI.Tests, Version=1.0.0.0, Culture=neutral, PublicKeyToken=null" name="TestUpdateUser" />
    </UnitTest>
    <UnitTest name="TestGetTaskByProject_Id" storage="c:\users\admin\desktop\final-submission\project_manager.service\projectmanager.webapi.tests\bin\debug\projectmanager.webapi.tests.dll" id="886051c2-291c-28a4-caeb-3b112482bc15">
      <TestMethod codeBase="C:/Users/Admin/Desktop/Final-Submission/Project_Manager.Service/ProjectManager.WebAPI.Tests/bin/Debug/ProjectManager.WebAPI.Tests.DLL" adapterTypeName="Microsoft.VisualStudio.TestTools.TestTypes.Unit.UnitTestAdapter, Microsoft.VisualStudio.QualityTools.Tips.UnitTest.Adapter, Version=15.0.0.0, Culture=neutral, PublicKeyToken=b03f5f7f11d50a3a" className="ProjectManager.WebAPI.Tests.ProjectManagerUnitTest, ProjectManager.WebAPI.Tests, Version=1.0.0.0, Culture=neutral, PublicKeyToken=null" name="TestGetTaskByProject_Id" />
    </UnitTest>
    <UnitTest name="TestDeleteUser" storage="c:\users\admin\desktop\final-submission\project_manager.service\projectmanager.webapi.tests\bin\debug\projectmanager.webapi.tests.dll" id="57041f1c-16b1-848f-56cd-1f7df5c80567">
      <TestMethod codeBase="C:/Users/Admin/Desktop/Final-Submission/Project_Manager.Service/ProjectManager.WebAPI.Tests/bin/Debug/ProjectManager.WebAPI.Tests.DLL" adapterTypeName="Microsoft.VisualStudio.TestTools.TestTypes.Unit.UnitTestAdapter, Microsoft.VisualStudio.QualityTools.Tips.UnitTest.Adapter, Version=15.0.0.0, Culture=neutral, PublicKeyToken=b03f5f7f11d50a3a" className="ProjectManager.WebAPI.Tests.ProjectManagerUnitTest, ProjectManager.WebAPI.Tests, Version=1.0.0.0, Culture=neutral, PublicKeyToken=null" name="TestDeleteUser" />
    </UnitTest>
    <UnitTest name="TestGetProjectById" storage="c:\users\admin\desktop\final-submission\project_manager.service\projectmanager.webapi.tests\bin\debug\projectmanager.webapi.tests.dll" id="e2928307-b8d5-a193-a7d7-d3abafca26cf">
      <TestMethod codeBase="C:/Users/Admin/Desktop/Final-Submission/Project_Manager.Service/ProjectManager.WebAPI.Tests/bin/Debug/ProjectManager.WebAPI.Tests.DLL" adapterTypeName="Microsoft.VisualStudio.TestTools.TestTypes.Unit.UnitTestAdapter, Microsoft.VisualStudio.QualityTools.Tips.UnitTest.Adapter, Version=15.0.0.0, Culture=neutral, PublicKeyToken=b03f5f7f11d50a3a" className="ProjectManager.WebAPI.Tests.ProjectManagerUnitTest, ProjectManager.WebAPI.Tests, Version=1.0.0.0, Culture=neutral, PublicKeyToken=null" name="TestGetProjectById" />
    </UnitTest>
    <UnitTest name="TestGetUserById" storage="c:\users\admin\desktop\final-submission\project_manager.service\projectmanager.webapi.tests\bin\debug\projectmanager.webapi.tests.dll" id="02529346-f70d-8ac5-637c-1847f0d5b032">
      <TestMethod codeBase="C:/Users/Admin/Desktop/Final-Submission/Project_Manager.Service/ProjectManager.WebAPI.Tests/bin/Debug/ProjectManager.WebAPI.Tests.DLL" adapterTypeName="Microsoft.VisualStudio.TestTools.TestTypes.Unit.UnitTestAdapter, Microsoft.VisualStudio.QualityTools.Tips.UnitTest.Adapter, Version=15.0.0.0, Culture=neutral, PublicKeyToken=b03f5f7f11d50a3a" className="ProjectManager.WebAPI.Tests.ProjectManagerUnitTest, ProjectManager.WebAPI.Tests, Version=1.0.0.0, Culture=neutral, PublicKeyToken=null" name="TestGetUserById" />
    </UnitTest>
    <LoadTest Name="ProjectManagerLoadTest" Description="" Owner="" storage="c:\users\admin\desktop\final-submission\project_manager.service\projectmanager.webapi.loadtests\projectmanagerloadtest.loadtest" Priority="2147483647" Enabled="true" CssProjectStructure="" CssIteration="" DeploymentItemsEditable="" WorkItemIds="" TraceLevel="None" CurrentRunConfig="Run Settings1" Id="c3ac9292-7409-4ad2-82b6-fdec4cfaea7d">
      <Scenarios>
        <Scenario Name="ProjectManagerScenario" DelayBetweenIterations="0" PercentNewUsers="0" IPSwitching="false" TestMixType="PercentageOfTestsStarted" ApplyDistributionToPacingDelay="true" MaxTestIterations="0" DisableDuringWarmup="false" DelayStartTime="0" AllowedAgents="">
          <ThinkProfile Value="0.2" Pattern="NormalDistribution" />
          <LoadProfile Pattern="Step" InitialUsers="4" MaxUsers="50" StepUsers="10" StepDuration="4" StepRampTime="0" />
          <TestMix>
            <TestProfile Name="TestAddProject" Path="c:\users\admin\desktop\final-submission\project_manager.service\projectmanager.webapi.tests\bin\debug\projectmanager.webapi.tests.dll" Id="3df836f1-eabe-e8c0-19e0-1550a6f05844" Percentage="6" Type="Microsoft.VisualStudio.TestTools.TestTypes.Unit.UnitTestElement, Microsoft.VisualStudio.QualityTools.Tips.UnitTest.ObjectModel, Version=15.0.0.0, Culture=neutral, PublicKeyToken=b03f5f7f11d50a3a" />
            <TestProfile Name="TestAddTask" Path="c:\users\admin\desktop\final-submission\project_manager.service\projectmanager.webapi.tests\bin\debug\projectmanager.webapi.tests.dll" Id="179cf89d-cea0-8635-40da-763d80bc5919" Percentage="6" Type="Microsoft.VisualStudio.TestTools.TestTypes.Unit.UnitTestElement, Microsoft.VisualStudio.QualityTools.Tips.UnitTest.ObjectModel, Version=15.0.0.0, Culture=neutral, PublicKeyToken=b03f5f7f11d50a3a" />
            <TestProfile Name="TestAddUser" Path="c:\users\admin\desktop\final-submission\project_manager.service\projectmanager.webapi.tests\bin\debug\projectmanager.webapi.tests.dll" Id="58891cc7-6a2f-92a8-6ed6-b86711af9b84" Percentage="6" Type="Microsoft.VisualStudio.TestTools.TestTypes.Unit.UnitTestElement, Microsoft.VisualStudio.QualityTools.Tips.UnitTest.ObjectModel, Version=15.0.0.0, Culture=neutral, PublicKeyToken=b03f5f7f11d50a3a" />
            <TestProfile Name="TestDeleteProject" Path="c:\users\admin\desktop\final-submission\project_manager.service\projectmanager.webapi.tests\bin\debug\projectmanager.webapi.tests.dll" Id="c5b5cc53-038e-baf3-6285-f97adac71a3c" Percentage="6" Type="Microsoft.VisualStudio.TestTools.TestTypes.Unit.UnitTestElement, Microsoft.VisualStudio.QualityTools.Tips.UnitTest.ObjectModel, Version=15.0.0.0, Culture=neutral, PublicKeyToken=b03f5f7f11d50a3a" />
            <TestProfile Name="TestDeleteTask" Path="c:\users\admin\desktop\final-submission\project_manager.service\projectmanager.webapi.tests\bin\debug\projectmanager.webapi.tests.dll" Id="6aaec2e4-814c-022e-cf68-6872819feaa9" Percentage="6" Type="Microsoft.VisualStudio.TestTools.TestTypes.Unit.UnitTestElement, Microsoft.VisualStudio.QualityTools.Tips.UnitTest.ObjectModel, Version=15.0.0.0, Culture=neutral, PublicKeyToken=b03f5f7f11d50a3a" />
            <TestProfile Name="TestDeleteUser" Path="c:\users\admin\desktop\final-submission\project_manager.service\projectmanager.webapi.tests\bin\debug\projectmanager.webapi.tests.dll" Id="57041f1c-16b1-848f-56cd-1f7df5c80567" Percentage="6" Type="Microsoft.VisualStudio.TestTools.TestTypes.Unit.UnitTestElement, Microsoft.VisualStudio.QualityTools.Tips.UnitTest.ObjectModel, Version=15.0.0.0, Culture=neutral, PublicKeyToken=b03f5f7f11d50a3a" />
            <TestProfile Name="TestGetCompleted" Path="c:\users\admin\desktop\final-submission\project_manager.service\projectmanager.webapi.tests\bin\debug\projectmanager.webapi.tests.dll" Id="7850b4fd-ecef-c914-3b2f-5673e64ebb39" Percentage="6" Type="Microsoft.VisualStudio.TestTools.TestTypes.Unit.UnitTestElement, Microsoft.VisualStudio.QualityTools.Tips.UnitTest.ObjectModel, Version=15.0.0.0, Culture=neutral, PublicKeyToken=b03f5f7f11d50a3a" />
            <TestProfile Name="TestGetProjectById" Path="c:\users\admin\desktop\final-submission\project_manager.service\projectmanager.webapi.tests\bin\debug\projectmanager.webapi.tests.dll" Id="e2928307-b8d5-a193-a7d7-d3abafca26cf" Percentage="6" Type="Microsoft.VisualStudio.TestTools.TestTypes.Unit.UnitTestElement, Microsoft.VisualStudio.QualityTools.Tips.UnitTest.ObjectModel, Version=15.0.0.0, Culture=neutral, PublicKeyToken=b03f5f7f11d50a3a" />
            <TestProfile Name="TestGetProjects" Path="c:\users\admin\desktop\final-submission\project_manager.service\projectmanager.webapi.tests\bin\debug\projectmanager.webapi.tests.dll" Id="e814985f-882e-d05e-0529-7e7fca0590b2" Percentage="6" Type="Microsoft.VisualStudio.TestTools.TestTypes.Unit.UnitTestElement, Microsoft.VisualStudio.QualityTools.Tips.UnitTest.ObjectModel, Version=15.0.0.0, Culture=neutral, PublicKeyToken=b03f5f7f11d50a3a" />
            <TestProfile Name="TestGetTask" Path="c:\users\admin\desktop\final-submission\project_manager.service\projectmanager.webapi.tests\bin\debug\projectmanager.webapi.tests.dll" Id="0c0f1f01-8cef-c381-e414-3763b0717e68" Percentage="6" Type="Microsoft.VisualStudio.TestTools.TestTypes.Unit.UnitTestElement, Microsoft.VisualStudio.QualityTools.Tips.UnitTest.ObjectModel, Version=15.0.0.0, Culture=neutral, PublicKeyToken=b03f5f7f11d50a3a" />
            <TestProfile Name="TestGetTaskByProject_Id" Path="c:\users\admin\desktop\final-submission\project_manager.service\projectmanager.webapi.tests\bin\debug\projectmanager.webapi.tests.dll" Id="886051c2-291c-28a4-caeb-3b112482bc15" Percentage="6" Type="Microsoft.VisualStudio.TestTools.TestTypes.Unit.UnitTestElement, Microsoft.VisualStudio.QualityTools.Tips.UnitTest.ObjectModel, Version=15.0.0.0, Culture=neutral, PublicKeyToken=b03f5f7f11d50a3a" />
            <TestProfile Name="TestGetTasks" Path="c:\users\admin\desktop\final-submission\project_manager.service\projectmanager.webapi.tests\bin\debug\projectmanager.webapi.tests.dll" Id="26d7f87b-2919-efee-1084-70bcece64b14" Percentage="6" Type="Microsoft.VisualStudio.TestTools.TestTypes.Unit.UnitTestElement, Microsoft.VisualStudio.QualityTools.Tips.UnitTest.ObjectModel, Version=15.0.0.0, Culture=neutral, PublicKeyToken=b03f5f7f11d50a3a" />
            <TestProfile Name="TestGetUserById" Path="c:\users\admin\desktop\final-submission\project_manager.service\projectmanager.webapi.tests\bin\debug\projectmanager.webapi.tests.dll" Id="02529346-f70d-8ac5-637c-1847f0d5b032" Percentage="6" Type="Microsoft.VisualStudio.TestTools.TestTypes.Unit.UnitTestElement, Microsoft.VisualStudio.QualityTools.Tips.UnitTest.ObjectModel, Version=15.0.0.0, Culture=neutral, PublicKeyToken=b03f5f7f11d50a3a" />
            <TestProfile Name="TestGetUsers" Path="c:\users\admin\desktop\final-submission\project_manager.service\projectmanager.webapi.tests\bin\debug\projectmanager.webapi.tests.dll" Id="ca45434a-369a-1a15-472a-2289c847c424" Percentage="6" Type="Microsoft.VisualStudio.TestTools.TestTypes.Unit.UnitTestElement, Microsoft.VisualStudio.QualityTools.Tips.UnitTest.ObjectModel, Version=15.0.0.0, Culture=neutral, PublicKeyToken=b03f5f7f11d50a3a" />
            <TestProfile Name="TestUpdateProject" Path="c:\users\admin\desktop\final-submission\project_manager.service\projectmanager.webapi.tests\bin\debug\projectmanager.webapi.tests.dll" Id="28549af2-fcde-2cfa-554d-b150960a66dd" Percentage="6" Type="Microsoft.VisualStudio.TestTools.TestTypes.Unit.UnitTestElement, Microsoft.VisualStudio.QualityTools.Tips.UnitTest.ObjectModel, Version=15.0.0.0, Culture=neutral, PublicKeyToken=b03f5f7f11d50a3a" />
            <TestProfile Name="TestUpdateTask" Path="c:\users\admin\desktop\final-submission\project_manager.service\projectmanager.webapi.tests\bin\debug\projectmanager.webapi.tests.dll" Id="7663e6d4-322b-56cf-3fe7-792fb6f9d76c" Percentage="5" Type="Microsoft.VisualStudio.TestTools.TestTypes.Unit.UnitTestElement, Microsoft.VisualStudio.QualityTools.Tips.UnitTest.ObjectModel, Version=15.0.0.0, Culture=neutral, PublicKeyToken=b03f5f7f11d50a3a" />
            <TestProfile Name="TestUpdateUser" Path="c:\users\admin\desktop\final-submission\project_manager.service\projectmanager.webapi.tests\bin\debug\projectmanager.webapi.tests.dll" Id="dcb302d8-5051-cf46-9d25-7b5f9ef7ebf6" Percentage="5" Type="Microsoft.VisualStudio.TestTools.TestTypes.Unit.UnitTestElement, Microsoft.VisualStudio.QualityTools.Tips.UnitTest.ObjectModel, Version=15.0.0.0, Culture=neutral, PublicKeyToken=b03f5f7f11d50a3a" />
          </TestMix>
          <NetworkMix>
            <NetworkProfile Percentage="100">
              <Network Name="LAN" BandwidthInKbps="1000000" NetworkProfileConfigurationXml="&lt;Emulation&gt;&lt;VirtualChannel name=&quot;defaultChannel&quot;&gt;&lt;FilterList/&gt;&lt;VirtualLink instances=&quot;1&quot; name=&quot;defaultLink&quot;&gt;&lt;LinkRule dir=&quot;upstream&quot;&gt;&lt;Bandwidth&gt;&lt;Speed unit=&quot;kbps&quot;&gt;1000000&lt;/Speed&gt;&lt;/Bandwidth&gt;&lt;/LinkRule&gt;&lt;LinkRule dir=&quot;downstream&quot;&gt;&lt;Bandwidth&gt;&lt;Speed unit=&quot;kbps&quot;&gt;1000000&lt;/Speed&gt;&lt;/Bandwidth&gt;&lt;/LinkRule&gt;&lt;/VirtualLink&gt;&lt;/VirtualChannel&gt;&lt;/Emulation&gt;" />
            </NetworkProfile>
          </NetworkMix>
        </Scenario>
      </Scenarios>
      <CounterSets>
        <CounterSet Name="DOTNET" CounterSetType="LoadTest" LocId="">
          <CounterCategories>
            <CounterCategory Name="LoadTest:Scenario">
              <Counters>
                <Counter Name="User Load" HigherIsBetter="true" />
                <Counter Name="Tests Running" HigherIsBetter="true" />
              </Counters>
            </CounterCategory>
            <CounterCategory Name="LoadTest:Test">
              <Counters>
                <Counter Name="Total Tests" HigherIsBetter="true" />
                <Counter Name="Passed Tests" HigherIsBetter="true" />
                <Counter Name="Failed Tests" />
                <Counter Name="Tests/Sec" HigherIsBetter="true" />
                <Counter Name="Passed Tests/Sec" HigherIsBetter="true" />
                <Counter Name="Failed Tests/Sec" />
                <Counter Name="Avg. Requests/Test" HigherIsBetter="true" />
                <Counter Name="Avg. Test Time" />
                <Counter Name="% Time in LoadTestPlugin" />
                <Counter Name="% Time in WebTest code" />
                <Counter Name="% Time in Rules" />
              </Counters>
            </CounterCategory>
            <CounterCategory Name="LoadTest:Transaction">
              <Counters>
                <Counter Name="Total Transactions" HigherIsBetter="true" />
                <Counter Name="Avg. Transaction Time" />
                <Counter Name="Avg. Response Time" />
                <Counter Name="Transactions/Sec" HigherIsBetter="true" />
              </Counters>
            </CounterCategory>
            <CounterCategory Name="LoadTest:Errors">
              <Counters>
                <Counter Name="Http Errors" />
                <Counter Name="Validation Rule Errors" />
                <Counter Name="Extraction Rule Errors" />
                <Counter Name="Requests Timed Out" />
                <Counter Name="Exceptions" />
                <Counter Name="Total Errors" />
                <Counter Name="Errors/Sec" />
                <Counter Name="Threshold Violations/Sec" />
              </Counters>
            </CounterCategory>
            <CounterCategory Name="LoadTest:Page">
              <Counters>
                <Counter Name="Total Pages" HigherIsBetter="true" />
                <Counter Name="Avg. Page Time" />
                <Counter Name="Page Response Time Goal" HigherIsBetter="true" />
                <Counter Name="% Pages Meeting Goal" HigherIsBetter="true" />
                <Counter Name="Pages/Sec" HigherIsBetter="true" />
              </Counters>
            </CounterCategory>
            <CounterCategory Name="LoadTest:Request">
              <Counters>
                <Counter Name="Total Requests" HigherIsBetter="true" />
                <Counter Name="Passed Requests" HigherIsBetter="true" />
                <Counter Name="Failed Requests" />
                <Counter Name="Cached Requests" HigherIsBetter="true" />
                <Counter Name="Requests/Sec" HigherIsBetter="true" />
                <Counter Name="Passed Requests/Sec" HigherIsBetter="true" />
                <Counter Name="Failed Requests/Sec" />
                <Counter Name="Avg. First Byte Time" />
                <Counter Name="Avg. Response Time" />
                <Counter Name="Avg. Connection Wait Time">
                  <ThresholdRules>
                    <ThresholdRule Classname="Microsoft.VisualStudio.TestTools.WebStress.Rules.ThresholdRuleCompareCounters, Microsoft.VisualStudio.QualityTools.LoadTest, Version=15.0.0.0, Culture=neutral, PublicKeyToken=b03f5f7f11d50a3a">
                      <RuleParameters>
                        <RuleParameter Name="DependentCategory" Value="LoadTest:Page" />
                        <RuleParameter Name="DependentCounter" Value="Avg. Page Time" />
                        <RuleParameter Name="DependentInstance" Value="_Total" />
                        <RuleParameter Name="AlertIfOver" Value="True" />
                        <RuleParameter Name="WarningThreshold" Value="0.25" />
                        <RuleParameter Name="CriticalThreshold" Value="0.5" />
                      </RuleParameters>
                    </ThresholdRule>
                  </ThresholdRules>
                </Counter>
                <Counter Name="Avg. Content Length" />
              </Counters>
            </CounterCategory>
            <CounterCategory Name="LoadTest:LogEntries">
              <Counters>
                <Counter Name="Total Log Entries" />
                <Counter Name="Log Entries/Sec" />
              </Counters>
            </CounterCategory>
          </CounterCategories>
        </CounterSet>
        <CounterSet Name="Controller" CounterSetType="Controller" LocId="CounterSet_Controller">
          <CounterCategories>
            <CounterCategory Name="Memory">
              <Counters>
                <Counter Name="% Committed Bytes In Use" Range="100" />
                <Counter Name="Available MBytes" RangeGroup="Memory Bytes" HigherIsBetter="true">
                  <ThresholdRules>
                    <ThresholdRule Classname="Microsoft.VisualStudio.TestTools.WebStress.Rules.ThresholdRuleCompareConstant, Microsoft.VisualStudio.QualityTools.LoadTest">
                      <RuleParameters>
                        <RuleParameter Name="AlertIfOver" Value="False" />
                        <RuleParameter Name="WarningThreshold" Value="100" />
                        <RuleParameter Name="CriticalThreshold" Value="50" />
                      </RuleParameters>
                    </ThresholdRule>
                    <ThresholdRule Classname="Microsoft.VisualStudio.TestTools.WebStress.Rules.ThresholdRuleCompareConstant, Microsoft.VisualStudio.QualityTools.LoadTest">
                      <RuleParameters>
                        <RuleParameter Name="AlertIfOver" Value="False" />
                        <RuleParameter Name="WarningThreshold" Value="100" />
                        <RuleParameter Name="CriticalThreshold" Value="50" />
                      </RuleParameters>
                    </ThresholdRule>
                  </ThresholdRules>
                </Counter>
                <Counter Name="Page Faults/sec" />
                <Counter Name="Pages/sec" />
                <Counter Name="Pool Paged Bytes" RangeGroup="Memory Bytes" />
                <Counter Name="Pool Nonpaged bytes" RangeGroup="Memory Bytes" />
              </Counters>
            </CounterCategory>
            <CounterCategory Name="Network Interface">
              <Counters>
                <Counter Name="Bytes Received/sec" RangeGroup="Network Bytes" />
                <Counter Name="Bytes Sent/sec" RangeGroup="Network Bytes" />
                <Counter Name="Output Queue Length">
                  <ThresholdRules>
                    <ThresholdRule Classname="Microsoft.VisualStudio.TestTools.WebStress.Rules.ThresholdRuleCompareConstant, Microsoft.VisualStudio.QualityTools.LoadTest">
                      <RuleParameters>
                        <RuleParameter Name="AlertIfOver" Value="True" />
                        <RuleParameter Name="WarningThreshold" Value="1.5" />
                        <RuleParameter Name="CriticalThreshold" Value="2" />
                      </RuleParameters>
                    </ThresholdRule>
                    <ThresholdRule Classname="Microsoft.VisualStudio.TestTools.WebStress.Rules.ThresholdRuleCompareConstant, Microsoft.VisualStudio.QualityTools.LoadTest">
                      <RuleParameters>
                        <RuleParameter Name="AlertIfOver" Value="True" />
                        <RuleParameter Name="WarningThreshold" Value="1.5" />
                        <RuleParameter Name="CriticalThreshold" Value="2" />
                      </RuleParameters>
                    </ThresholdRule>
                  </ThresholdRules>
                </Counter>
                <Counter Name="Packets Received/sec" RangeGroup="Network Packets" />
                <Counter Name="Packets Sent/sec" RangeGroup="Network Packets" />
                <Counter Name="Current Bandwidth" RangeGroup="Network Bytes" />
                <Counter Name="Bytes Total/sec" RangeGroup="Network Bytes">
                  <ThresholdRules>
                    <ThresholdRule Classname="Microsoft.VisualStudio.TestTools.WebStress.Rules.ThresholdRuleCompareCounters, Microsoft.VisualStudio.QualityTools.LoadTest, Version=15.0.0.0, Culture=neutral, PublicKeyToken=b03f5f7f11d50a3a">
                      <RuleParameters>
                        <RuleParameter Name="DependentCategory" Value="Network Interface" />
                        <RuleParameter Name="DependentCounter" Value="Current Bandwidth" />
                        <RuleParameter Name="DependentInstance" Value="" />
                        <RuleParameter Name="AlertIfOver" Value="True" />
                        <RuleParameter Name="WarningThreshold" Value="0.6" />
                        <RuleParameter Name="CriticalThreshold" Value="0.7" />
                      </RuleParameters>
                    </ThresholdRule>
                    <ThresholdRule Classname="Microsoft.VisualStudio.TestTools.WebStress.Rules.ThresholdRuleCompareCounters, Microsoft.VisualStudio.QualityTools.LoadTest, Version=15.0.0.0, Culture=neutral, PublicKeyToken=b03f5f7f11d50a3a">
                      <RuleParameters>
                        <RuleParameter Name="DependentCategory" Value="Network Interface" />
                        <RuleParameter Name="DependentCounter" Value="Current Bandwidth" />
                        <RuleParameter Name="DependentInstance" Value="" />
                        <RuleParameter Name="AlertIfOver" Value="True" />
                        <RuleParameter Name="WarningThreshold" Value="0.6" />
                        <RuleParameter Name="CriticalThreshold" Value="0.7" />
                      </RuleParameters>
                    </ThresholdRule>
                  </ThresholdRules>
                </Counter>
              </Counters>
              <Instances>
                <Instance Name="*" />
              </Instances>
            </CounterCategory>
            <CounterCategory Name="PhysicalDisk">
              <Counters>
                <Counter Name="% Disk Read Time" Range="100" />
                <Counter Name="% Disk Time" Range="100" />
                <Counter Name="% Disk Write Time" Range="100" />
                <Counter Name="% Idle Time" Range="100" HigherIsBetter="true">
                  <ThresholdRules>
                    <ThresholdRule Classname="Microsoft.VisualStudio.TestTools.WebStress.Rules.ThresholdRuleCompareConstant, Microsoft.VisualStudio.QualityTools.LoadTest">
                      <RuleParameters>
                        <RuleParameter Name="AlertIfOver" Value="False" />
                        <RuleParameter Name="WarningThreshold" Value="40" />
                        <RuleParameter Name="CriticalThreshold" Value="20" />
                      </RuleParameters>
                    </ThresholdRule>
                    <ThresholdRule Classname="Microsoft.VisualStudio.TestTools.WebStress.Rules.ThresholdRuleCompareConstant, Microsoft.VisualStudio.QualityTools.LoadTest">
                      <RuleParameters>
                        <RuleParameter Name="AlertIfOver" Value="False" />
                        <RuleParameter Name="WarningThreshold" Value="40" />
                        <RuleParameter Name="CriticalThreshold" Value="20" />
                      </RuleParameters>
                    </ThresholdRule>
                  </ThresholdRules>
                </Counter>
                <Counter Name="Avg. Disk Bytes/Read" RangeGroup="DiskBytesRate" />
                <Counter Name="Avg. Disk Bytes/Transfer" RangeGroup="DiskBytesRate" />
                <Counter Name="Avg. Disk Bytes/Write" RangeGroup="DiskBytesRate" />
                <Counter Name="Avg. Disk Queue Length" RangeGroup="Disk Queue Length" />
                <Counter Name="Avg. Disk Read Queue Length" RangeGroup="Disk Queue Length" />
                <Counter Name="Avg. Disk Write Queue Length" RangeGroup="Disk Queue Length" />
                <Counter Name="Current Disk Queue Length" RangeGroup="Disk Queue Length" />
                <Counter Name="Avg. Disk sec/Read" RangeGroup="Disk sec" />
                <Counter Name="Avg. Disk sec/Transfer" RangeGroup="Disk sec" />
                <Counter Name="Avg. Disk sec/Write" RangeGroup="Disk sec" />
                <Counter Name="Disk Bytes/sec" RangeGroup="Disk Bytes sec" />
                <Counter Name="Disk Read Bytes/sec" RangeGroup="Disk Bytes sec" />
                <Counter Name="Disk Reads/sec" RangeGroup="Disk Transfers sec" />
                <Counter Name="Disk Transfers/sec" RangeGroup="Disk Transfers sec" />
                <Counter Name="Disk Write Bytes/sec" RangeGroup="Disk Bytes sec" />
                <Counter Name="Disk Writes/sec" RangeGroup="Disk Transfers sec" />
                <Counter Name="Split IO/Sec" RangeGroup="Disk Transfers sec" />
              </Counters>
              <Instances>
                <Instance Name="*" />
              </Instances>
            </CounterCategory>
            <CounterCategory Name="Processor">
              <Counters>
                <Counter Name="% Processor Time" Range="100">
                  <ThresholdRules>
                    <ThresholdRule Classname="Microsoft.VisualStudio.TestTools.WebStress.Rules.ThresholdRuleCompareConstant, Microsoft.VisualStudio.QualityTools.LoadTest">
                      <RuleParameters>
                        <RuleParameter Name="AlertIfOver" Value="True" />
                        <RuleParameter Name="WarningThreshold" Value="75" />
                        <RuleParameter Name="CriticalThreshold" Value="90" />
                      </RuleParameters>
                    </ThresholdRule>
                    <ThresholdRule Classname="Microsoft.VisualStudio.TestTools.WebStress.Rules.ThresholdRuleCompareConstant, Microsoft.VisualStudio.QualityTools.LoadTest">
                      <RuleParameters>
                        <RuleParameter Name="AlertIfOver" Value="True" />
                        <RuleParameter Name="WarningThreshold" Value="75" />
                        <RuleParameter Name="CriticalThreshold" Value="90" />
                      </RuleParameters>
                    </ThresholdRule>
                  </ThresholdRules>
                </Counter>
                <Counter Name="% Privileged Time" Range="100" />
                <Counter Name="% User Time" Range="100" />
              </Counters>
              <Instances>
                <Instance Name="_Total" />
              </Instances>
            </CounterCategory>
            <CounterCategory Name="System">
              <Counters>
                <Counter Name="Context Switches/sec" />
                <Counter Name="Processes" />
                <Counter Name="Processor Queue Length" />
                <Counter Name="Threads" />
              </Counters>
            </CounterCategory>
            <CounterCategory Name="Process">
              <Counters>
                <Counter Name="% Processor Time" RangeGroup="Processor Time" />
                <Counter Name="% Privileged Time" RangeGroup="Processor Time" />
                <Counter Name="% User Time" RangeGroup="Processor Time" />
                <Counter Name="Handle Count" />
                <Counter Name="Thread Count" />
                <Counter Name="Private Bytes" RangeGroup="Memory Bytes" />
                <Counter Name="Virtual Bytes" RangeGroup="Memory Bytes" />
                <Counter Name="Working Set" RangeGroup="Memory Bytes" />
              </Counters>
              <Instances>
                <Instance Name="QTController" />
                <Instance Name="QTController64" />
              </Instances>
            </CounterCategory>
          </CounterCategories>
          <DefaultCountersForAutomaticGraphs>
            <DefaultCounter CategoryName="Processor" CounterName="% Processor Time" InstanceName="_Total" GraphName="" />
            <DefaultCounter CategoryName="Memory" CounterName="Available MBytes" InstanceName="" GraphName="" />
          </DefaultCountersForAutomaticGraphs>
        </CounterSet>
        <CounterSet Name="Agent" CounterSetType="Agent" LocId="CounterSet_Agent">
          <CounterCategories>
            <CounterCategory Name="Memory">
              <Counters>
                <Counter Name="% Committed Bytes In Use" Range="100" />
                <Counter Name="Available MBytes" RangeGroup="Memory Bytes" HigherIsBetter="true">
                  <ThresholdRules>
                    <ThresholdRule Classname="Microsoft.VisualStudio.TestTools.WebStress.Rules.ThresholdRuleCompareConstant, Microsoft.VisualStudio.QualityTools.LoadTest">
                      <RuleParameters>
                        <RuleParameter Name="AlertIfOver" Value="False" />
                        <RuleParameter Name="WarningThreshold" Value="100" />
                        <RuleParameter Name="CriticalThreshold" Value="50" />
                      </RuleParameters>
                    </ThresholdRule>
                  </ThresholdRules>
                </Counter>
                <Counter Name="Page Faults/sec" />
                <Counter Name="Pages/sec" />
                <Counter Name="Pool Paged Bytes" RangeGroup="Memory Bytes" />
                <Counter Name="Pool Nonpaged bytes" RangeGroup="Memory Bytes" />
              </Counters>
            </CounterCategory>
            <CounterCategory Name="Network Interface">
              <Counters>
                <Counter Name="Bytes Received/sec" RangeGroup="Network Bytes" />
                <Counter Name="Bytes Sent/sec" RangeGroup="Network Bytes" />
                <Counter Name="Output Queue Length">
                  <ThresholdRules>
                    <ThresholdRule Classname="Microsoft.VisualStudio.TestTools.WebStress.Rules.ThresholdRuleCompareConstant, Microsoft.VisualStudio.QualityTools.LoadTest">
                      <RuleParameters>
                        <RuleParameter Name="AlertIfOver" Value="True" />
                        <RuleParameter Name="WarningThreshold" Value="1.5" />
                        <RuleParameter Name="CriticalThreshold" Value="2" />
                      </RuleParameters>
                    </ThresholdRule>
                  </ThresholdRules>
                </Counter>
                <Counter Name="Packets Received/sec" RangeGroup="Network Packets" />
                <Counter Name="Packets Sent/sec" RangeGroup="Network Packets" />
                <Counter Name="Current Bandwidth" RangeGroup="Network Bytes" />
                <Counter Name="Bytes Total/sec" RangeGroup="Network Bytes">
                  <ThresholdRules>
                    <ThresholdRule Classname="Microsoft.VisualStudio.TestTools.WebStress.Rules.ThresholdRuleCompareCounters, Microsoft.VisualStudio.QualityTools.LoadTest, Version=15.0.0.0, Culture=neutral, PublicKeyToken=b03f5f7f11d50a3a">
                      <RuleParameters>
                        <RuleParameter Name="DependentCategory" Value="Network Interface" />
                        <RuleParameter Name="DependentCounter" Value="Current Bandwidth" />
                        <RuleParameter Name="DependentInstance" Value="" />
                        <RuleParameter Name="AlertIfOver" Value="True" />
                        <RuleParameter Name="WarningThreshold" Value="0.6" />
                        <RuleParameter Name="CriticalThreshold" Value="0.7" />
                      </RuleParameters>
                    </ThresholdRule>
                  </ThresholdRules>
                </Counter>
              </Counters>
              <Instances>
                <Instance Name="*" />
              </Instances>
            </CounterCategory>
            <CounterCategory Name="PhysicalDisk">
              <Counters>
                <Counter Name="% Disk Read Time" Range="100" />
                <Counter Name="% Disk Time" Range="100" />
                <Counter Name="% Disk Write Time" Range="100" />
                <Counter Name="% Idle Time" Range="100" HigherIsBetter="true">
                  <ThresholdRules>
                    <ThresholdRule Classname="Microsoft.VisualStudio.TestTools.WebStress.Rules.ThresholdRuleCompareConstant, Microsoft.VisualStudio.QualityTools.LoadTest">
                      <RuleParameters>
                        <RuleParameter Name="AlertIfOver" Value="False" />
                        <RuleParameter Name="WarningThreshold" Value="40" />
                        <RuleParameter Name="CriticalThreshold" Value="20" />
                      </RuleParameters>
                    </ThresholdRule>
                  </ThresholdRules>
                </Counter>
                <Counter Name="Avg. Disk Bytes/Read" RangeGroup="DiskBytesRate" />
                <Counter Name="Avg. Disk Bytes/Transfer" RangeGroup="DiskBytesRate" />
                <Counter Name="Avg. Disk Bytes/Write" RangeGroup="DiskBytesRate" />
                <Counter Name="Avg. Disk Queue Length" RangeGroup="Disk Queue Length" />
                <Counter Name="Avg. Disk Read Queue Length" RangeGroup="Disk Queue Length" />
                <Counter Name="Avg. Disk Write Queue Length" RangeGroup="Disk Queue Length" />
                <Counter Name="Current Disk Queue Length" RangeGroup="Disk Queue Length" />
                <Counter Name="Avg. Disk sec/Read" RangeGroup="Disk sec" />
                <Counter Name="Avg. Disk sec/Transfer" RangeGroup="Disk sec" />
                <Counter Name="Avg. Disk sec/Write" RangeGroup="Disk sec" />
                <Counter Name="Disk Bytes/sec" RangeGroup="Disk Bytes sec" />
                <Counter Name="Disk Read Bytes/sec" RangeGroup="Disk Bytes sec" />
                <Counter Name="Disk Reads/sec" RangeGroup="Disk Transfers sec" />
                <Counter Name="Disk Transfers/sec" RangeGroup="Disk Transfers sec" />
                <Counter Name="Disk Write Bytes/sec" RangeGroup="Disk Bytes sec" />
                <Counter Name="Disk Writes/sec" RangeGroup="Disk Transfers sec" />
                <Counter Name="Split IO/Sec" RangeGroup="Disk Transfers sec" />
              </Counters>
              <Instances>
                <Instance Name="*" />
              </Instances>
            </CounterCategory>
            <CounterCategory Name="Processor">
              <Counters>
                <Counter Name="% Processor Time" Range="100">
                  <ThresholdRules>
                    <ThresholdRule Classname="Microsoft.VisualStudio.TestTools.WebStress.Rules.ThresholdRuleCompareConstant, Microsoft.VisualStudio.QualityTools.LoadTest">
                      <RuleParameters>
                        <RuleParameter Name="AlertIfOver" Value="True" />
                        <RuleParameter Name="WarningThreshold" Value="75" />
                        <RuleParameter Name="CriticalThreshold" Value="90" />
                      </RuleParameters>
                    </ThresholdRule>
                  </ThresholdRules>
                </Counter>
                <Counter Name="% Privileged Time" Range="100" />
                <Counter Name="% User Time" Range="100" />
              </Counters>
              <Instances>
                <Instance Name="0" />
                <Instance Name="_Total" />
              </Instances>
            </CounterCategory>
            <CounterCategory Name="System">
              <Counters>
                <Counter Name="Context Switches/sec" />
                <Counter Name="Processes" />
                <Counter Name="Processor Queue Length" />
                <Counter Name="Threads" />
              </Counters>
            </CounterCategory>
            <CounterCategory Name="Process">
              <Counters>
                <Counter Name="% Processor Time" RangeGroup="Processor Time" />
                <Counter Name="% Privileged Time" RangeGroup="Processor Time" />
                <Counter Name="% User Time" RangeGroup="Processor Time" />
                <Counter Name="Handle Count" />
                <Counter Name="Thread Count" />
                <Counter Name="Private Bytes" RangeGroup="Memory Bytes" />
                <Counter Name="Virtual Bytes" RangeGroup="Memory Bytes" />
                <Counter Name="Working Set" RangeGroup="Memory Bytes" />
              </Counters>
              <Instances>
                <Instance Name="devenv" />
                <Instance Name="QTAgentService" />
                <Instance Name="QTAgent" />
                <Instance Name="QTAgent32" />
                <Instance Name="QTDCAgent" />
                <Instance Name="QTDCAgent32" />
                <Instance Name="QTAgent_35" />
                <Instance Name="QTAgent_40" />
                <Instance Name="QTAgent32_35" />
                <Instance Name="QTAgent32_40" />
              </Instances>
            </CounterCategory>
          </CounterCategories>
          <DefaultCountersForAutomaticGraphs>
            <DefaultCounter CategoryName="Processor" CounterName="% Processor Time" InstanceName="0" GraphName="" RunType="Local" />
            <DefaultCounter CategoryName="Processor" CounterName="% Processor Time" InstanceName="_Total" GraphName="" RunType="Remote" />
            <DefaultCounter CategoryName="Memory" CounterName="Available MBytes" InstanceName="" GraphName="" />
          </DefaultCountersForAutomaticGraphs>
        </CounterSet>
      </CounterSets>
      <RunConfigurations>
        <RunConfiguration Name="Run Settings1" Description="" ResultsStoreType="Database" TimingDetailsStorage="AllIndividualDetails" SaveTestLogsOnError="true" SaveTestLogsFrequency="0" MaxErrorDetails="200" MaxErrorsPerType="1000" MaxThresholdViolations="1000" MaxRequestUrlsReported="1000" UseTestIterations="false" RunDuration="300" WarmupTime="0" CoolDownTime="0" TestIterations="100" WebTestConnectionModel="ConnectionPerUser" WebTestConnectionPoolSize="50" SampleRate="15" ValidationLevel="High" SqlTracingConnectString="" SqlTracingConnectStringDisplayValue="" SqlTracingDirectory="" SqlTracingEnabled="false" SqlTracingFileCount="2" SqlTracingRolloverEnabled="true" SqlTracingMinimumDuration="500" RunUnitTestsInAppDomain="true" CoreCount="0" ResourcesRetentionTimeInMinutes="0" AgentDiagnosticsLevel="Warning">
          <CounterSetMappings>
            <CounterSetMapping ComputerName="[CONTROLLER MACHINE]">
              <CounterSetReferences>
                <CounterSetReference CounterSetName="LoadTest" />
                <CounterSetReference CounterSetName="Controller" />
              </CounterSetReferences>
            </CounterSetMapping>
            <CounterSetMapping ComputerName="[AGENT MACHINES]">
              <CounterSetReferences>
                <CounterSetReference CounterSetName="Agent" />
              </CounterSetReferences>
            </CounterSetMapping>
          </CounterSetMappings>
          <LoadGeneratorLocations>
            <GeoLocation Location="Default" Percentage="100" />
          </LoadGeneratorLocations>
        </RunConfiguration>
      </RunConfigurations>
    </LoadTest>
    <UnitTest name="TestUpdateProject" storage="c:\users\admin\desktop\final-submission\project_manager.service\projectmanager.webapi.tests\bin\debug\projectmanager.webapi.tests.dll" id="28549af2-fcde-2cfa-554d-b150960a66dd">
      <TestMethod codeBase="C:/Users/Admin/Desktop/Final-Submission/Project_Manager.Service/ProjectManager.WebAPI.Tests/bin/Debug/ProjectManager.WebAPI.Tests.DLL" adapterTypeName="Microsoft.VisualStudio.TestTools.TestTypes.Unit.UnitTestAdapter, Microsoft.VisualStudio.QualityTools.Tips.UnitTest.Adapter, Version=15.0.0.0, Culture=neutral, PublicKeyToken=b03f5f7f11d50a3a" className="ProjectManager.WebAPI.Tests.ProjectManagerUnitTest, ProjectManager.WebAPI.Tests, Version=1.0.0.0, Culture=neutral, PublicKeyToken=null" name="TestUpdateProject" />
    </UnitTest>
    <UnitTest name="TestGetProjects" storage="c:\users\admin\desktop\final-submission\project_manager.service\projectmanager.webapi.tests\bin\debug\projectmanager.webapi.tests.dll" id="e814985f-882e-d05e-0529-7e7fca0590b2">
      <TestMethod codeBase="C:/Users/Admin/Desktop/Final-Submission/Project_Manager.Service/ProjectManager.WebAPI.Tests/bin/Debug/ProjectManager.WebAPI.Tests.DLL" adapterTypeName="Microsoft.VisualStudio.TestTools.TestTypes.Unit.UnitTestAdapter, Microsoft.VisualStudio.QualityTools.Tips.UnitTest.Adapter, Version=15.0.0.0, Culture=neutral, PublicKeyToken=b03f5f7f11d50a3a" className="ProjectManager.WebAPI.Tests.ProjectManagerUnitTest, ProjectManager.WebAPI.Tests, Version=1.0.0.0, Culture=neutral, PublicKeyToken=null" name="TestGetProjects" />
    </UnitTest>
    <UnitTest name="TestGetTasks" storage="c:\users\admin\desktop\final-submission\project_manager.service\projectmanager.webapi.tests\bin\debug\projectmanager.webapi.tests.dll" id="26d7f87b-2919-efee-1084-70bcece64b14">
      <TestMethod codeBase="C:/Users/Admin/Desktop/Final-Submission/Project_Manager.Service/ProjectManager.WebAPI.Tests/bin/Debug/ProjectManager.WebAPI.Tests.DLL" adapterTypeName="Microsoft.VisualStudio.TestTools.TestTypes.Unit.UnitTestAdapter, Microsoft.VisualStudio.QualityTools.Tips.UnitTest.Adapter, Version=15.0.0.0, Culture=neutral, PublicKeyToken=b03f5f7f11d50a3a" className="ProjectManager.WebAPI.Tests.ProjectManagerUnitTest, ProjectManager.WebAPI.Tests, Version=1.0.0.0, Culture=neutral, PublicKeyToken=null" name="TestGetTasks" />
    </UnitTest>
    <UnitTest name="TestDeleteProject" storage="c:\users\admin\desktop\final-submission\project_manager.service\projectmanager.webapi.tests\bin\debug\projectmanager.webapi.tests.dll" id="c5b5cc53-038e-baf3-6285-f97adac71a3c">
      <TestMethod codeBase="C:/Users/Admin/Desktop/Final-Submission/Project_Manager.Service/ProjectManager.WebAPI.Tests/bin/Debug/ProjectManager.WebAPI.Tests.DLL" adapterTypeName="Microsoft.VisualStudio.TestTools.TestTypes.Unit.UnitTestAdapter, Microsoft.VisualStudio.QualityTools.Tips.UnitTest.Adapter, Version=15.0.0.0, Culture=neutral, PublicKeyToken=b03f5f7f11d50a3a" className="ProjectManager.WebAPI.Tests.ProjectManagerUnitTest, ProjectManager.WebAPI.Tests, Version=1.0.0.0, Culture=neutral, PublicKeyToken=null" name="TestDeleteProject" />
    </UnitTest>
  </TestDefinitions>
  <TestLists>
    <TestList name="Results Not in a List" id="8c84fa94-04c1-424b-9868-57a2d4851a1d" />
    <TestList name="All Loaded Results" id="19431567-8539-422a-85d7-44ee4e166bda" />
  </TestLists>
  <TestEntries>
    <TestEntry isTransparent="false" testId="c3ac9292-7409-4ad2-82b6-fdec4cfaea7d" executionId="f58fff25-7495-450d-ab1b-cabae446c14d" testListId="8c84fa94-04c1-424b-9868-57a2d4851a1d">
      <TestEntries>
        <TestEntry testId="3df836f1-eabe-e8c0-19e0-1550a6f05844" executionId="304c4ec8-b3af-4060-88c0-eea5b5f8a62e" parentExecutionId="f58fff25-7495-450d-ab1b-cabae446c14d" testListId="8c84fa94-04c1-424b-9868-57a2d4851a1d" />
        <TestEntry testId="179cf89d-cea0-8635-40da-763d80bc5919" executionId="fbd2441a-d989-4a2f-b030-83e6ed3f930b" parentExecutionId="f58fff25-7495-450d-ab1b-cabae446c14d" testListId="8c84fa94-04c1-424b-9868-57a2d4851a1d" />
        <TestEntry testId="58891cc7-6a2f-92a8-6ed6-b86711af9b84" executionId="93b63f38-1073-43ed-a716-a16e108989ee" parentExecutionId="f58fff25-7495-450d-ab1b-cabae446c14d" testListId="8c84fa94-04c1-424b-9868-57a2d4851a1d" />
        <TestEntry testId="c5b5cc53-038e-baf3-6285-f97adac71a3c" executionId="e965888d-793d-40e5-8e16-fcff069e2b09" parentExecutionId="f58fff25-7495-450d-ab1b-cabae446c14d" testListId="8c84fa94-04c1-424b-9868-57a2d4851a1d" />
        <TestEntry testId="6aaec2e4-814c-022e-cf68-6872819feaa9" executionId="d2d98598-c46d-43b3-99b0-4bc3e0b917af" parentExecutionId="f58fff25-7495-450d-ab1b-cabae446c14d" testListId="8c84fa94-04c1-424b-9868-57a2d4851a1d" />
        <TestEntry testId="57041f1c-16b1-848f-56cd-1f7df5c80567" executionId="07fbc5fe-a09a-434f-80f5-170b774b538d" parentExecutionId="f58fff25-7495-450d-ab1b-cabae446c14d" testListId="8c84fa94-04c1-424b-9868-57a2d4851a1d" />
        <TestEntry testId="7850b4fd-ecef-c914-3b2f-5673e64ebb39" executionId="c6226025-b46f-40ff-bc9c-e737613e9b4f" parentExecutionId="f58fff25-7495-450d-ab1b-cabae446c14d" testListId="8c84fa94-04c1-424b-9868-57a2d4851a1d" />
        <TestEntry testId="e2928307-b8d5-a193-a7d7-d3abafca26cf" executionId="de70a4fb-4665-4266-934e-c207b1905fbf" parentExecutionId="f58fff25-7495-450d-ab1b-cabae446c14d" testListId="8c84fa94-04c1-424b-9868-57a2d4851a1d" />
        <TestEntry testId="e814985f-882e-d05e-0529-7e7fca0590b2" executionId="4bbbda6c-aa64-4b35-8cb2-8202dec40a6c" parentExecutionId="f58fff25-7495-450d-ab1b-cabae446c14d" testListId="8c84fa94-04c1-424b-9868-57a2d4851a1d" />
        <TestEntry testId="0c0f1f01-8cef-c381-e414-3763b0717e68" executionId="5039de78-783e-4873-8df3-466f27dd3511" parentExecutionId="f58fff25-7495-450d-ab1b-cabae446c14d" testListId="8c84fa94-04c1-424b-9868-57a2d4851a1d" />
        <TestEntry testId="886051c2-291c-28a4-caeb-3b112482bc15" executionId="d3d956f8-c5ce-4bd4-8832-5782589b73c1" parentExecutionId="f58fff25-7495-450d-ab1b-cabae446c14d" testListId="8c84fa94-04c1-424b-9868-57a2d4851a1d" />
        <TestEntry testId="26d7f87b-2919-efee-1084-70bcece64b14" executionId="6e2ec99b-abe1-486a-b3eb-92ebf02be5dd" parentExecutionId="f58fff25-7495-450d-ab1b-cabae446c14d" testListId="8c84fa94-04c1-424b-9868-57a2d4851a1d" />
        <TestEntry testId="02529346-f70d-8ac5-637c-1847f0d5b032" executionId="63a74011-4df0-4733-aa8c-5d0524cbef80" parentExecutionId="f58fff25-7495-450d-ab1b-cabae446c14d" testListId="8c84fa94-04c1-424b-9868-57a2d4851a1d" />
        <TestEntry testId="ca45434a-369a-1a15-472a-2289c847c424" executionId="8f29fa4b-07ba-489d-8165-515e3ad022a4" parentExecutionId="f58fff25-7495-450d-ab1b-cabae446c14d" testListId="8c84fa94-04c1-424b-9868-57a2d4851a1d" />
        <TestEntry testId="28549af2-fcde-2cfa-554d-b150960a66dd" executionId="6f7a96b3-2c38-4a37-9055-73be0e4e470d" parentExecutionId="f58fff25-7495-450d-ab1b-cabae446c14d" testListId="8c84fa94-04c1-424b-9868-57a2d4851a1d" />
        <TestEntry testId="7663e6d4-322b-56cf-3fe7-792fb6f9d76c" executionId="8723d8c8-9087-4299-8d49-1aad3a1bacf3" parentExecutionId="f58fff25-7495-450d-ab1b-cabae446c14d" testListId="8c84fa94-04c1-424b-9868-57a2d4851a1d" />
        <TestEntry testId="dcb302d8-5051-cf46-9d25-7b5f9ef7ebf6" executionId="2c89e67b-25a3-478b-80bd-af2da5c2ab78" parentExecutionId="f58fff25-7495-450d-ab1b-cabae446c14d" testListId="8c84fa94-04c1-424b-9868-57a2d4851a1d" />
      </TestEntries>
    </TestEntry>
  </TestEntries>
  <Results>
    <LoadTestResult executionId="f58fff25-7495-450d-ab1b-cabae446c14d" testId="c3ac9292-7409-4ad2-82b6-fdec4cfaea7d" testName="ProjectManagerLoadTest" computerName="DOTNET" duration="00:02:04.5890003" startTime="2018-09-12T09:41:00.7728236+05:30" endTime="2018-09-12T09:43:05.3618239+05:30" testType="fa4c85ff-1236-4463-b954-3ba2f0eabd95" outcome="Aborted" testListId="8c84fa94-04c1-424b-9868-57a2d4851a1d" relativeResultsDirectory="f58fff25-7495-450d-ab1b-cabae446c14d" runId="3003" controllerStartTime="2018-09-12T09:41:00.7728236+05:30" runStatus="Stopped" resultsStoreType="Database" resultsRepositoryConnectString="LAs4ogoKlDd+VpAl2ugknpVnps2Q+yFLesmD6LbUL+Km/JX8cBHGI53gZ4BH8pTCcqKm6fIrGHKGBGJ3QBDSWVtG/R9gmVK41LpMFWa4ySQbzsbWeWhsOim1CQqNS57+" loadTestDuration="300" loadTestWarmupTime="0" previouslyViewed="false">
      <AnalyzerViewState>
        <LoadTestRunDescriptor isLegendPanelVisible="true" isOverviewPanelVisible="true" isCounterPanelVisible="true" scrollingGraph="false" minMaxGraph="false" showHorizontalGridOnGraph="true" showThresholdsOnGraph="true" showComparison="false" showZoom="true" lockZoom="true" activeConsoleView="Table" selectedGraphPanel1="Key Indicators" selectedGraphPanel2="Test Response Time" selectedGraphPanel3="System under Test" selectedGraphPanel4="Controller and Agents" graphPanelLayout="FourGrid" tablePanelLayout="TwoHorizontal" selectedTablePanel1="Tests" selectedTablePanel2="Errors" selectedTablePanel3="Thresholds" selectedTablePanel4="Transactions" controllerName="DOTNET" isLocalRun="true" testRunId="bb54c587-4138-4e5d-b014-6f773376ef4f" repositoryRunId="0">
          <GraphDescriptors>
            <GraphDescriptor graphName="Key Indicators">
              <HorizontalZoomRange lower="-1" upper="-1" />
              <VerticalZoomRange lower="0" upper="100" />
              <PlotDescriptors>
                <PlotDescriptor colorArgb="-65536" lineStyle="0" fixedRange="0" rangeGroup="User Load" showOnGraph="true" isSelected="false">
                  <CounterDescriptor machineName="DOTNET" categoryName="LoadTest:Scenario" counterName="User Load" instanceName="_Total" baseInstanceName="_Total" loadTestItemId="-1" />
                </PlotDescriptor>
                <PlotDescriptor colorArgb="-16744448" lineStyle="0" fixedRange="0" rangeGroup="Tests/Sec" showOnGraph="true" isSelected="false">
                  <CounterDescriptor machineName="DOTNET" categoryName="LoadTest:Test" counterName="Tests/Sec" instanceName="_Total" baseInstanceName="_Total" loadTestItemId="-1" />
                </PlotDescriptor>
                <PlotDescriptor colorArgb="-16776961" lineStyle="0" fixedRange="0" rangeGroup="Avg. Test Time" showOnGraph="true" isSelected="false">
                  <CounterDescriptor machineName="DOTNET" categoryName="LoadTest:Test" counterName="Avg. Test Time" instanceName="_Total" baseInstanceName="_Total" loadTestItemId="-1" />
                </PlotDescriptor>
                <PlotDescriptor colorArgb="-8388480" lineStyle="0" fixedRange="0" rangeGroup="Errors/Sec" showOnGraph="true" isSelected="false">
                  <CounterDescriptor machineName="DOTNET" categoryName="LoadTest:Errors" counterName="Errors/Sec" instanceName="_Total" baseInstanceName="_Total" loadTestItemId="-1" />
                </PlotDescriptor>
                <PlotDescriptor colorArgb="-23296" lineStyle="0" fixedRange="0" rangeGroup="Threshold Violations/Sec" showOnGraph="true" isSelected="false">
                  <CounterDescriptor machineName="DOTNET" categoryName="LoadTest:Errors" counterName="Threshold Violations/Sec" instanceName="_Total" baseInstanceName="_Total" loadTestItemId="-1" />
                </PlotDescriptor>
              </PlotDescriptors>
            </GraphDescriptor>
            <GraphDescriptor graphName="System under Test">
              <HorizontalZoomRange lower="-1" upper="-1" />
              <VerticalZoomRange lower="0" upper="100" />
            </GraphDescriptor>
            <GraphDescriptor graphName="Controller and Agents">
              <HorizontalZoomRange lower="-1" upper="-1" />
              <VerticalZoomRange lower="0" upper="100" />
              <PlotDescriptors>
                <PlotDescriptor colorArgb="-65536" lineStyle="0" fixedRange="100" rangeGroup="% Processor Time" showOnGraph="true" isSelected="false">
                  <CounterDescriptor machineName="DOTNET" categoryName="Processor" counterName="% Processor Time" instanceName="0" baseInstanceName="0" loadTestItemId="-1" />
                </PlotDescriptor>
                <PlotDescriptor colorArgb="-16744448" lineStyle="0" fixedRange="0" rangeGroup="Memory Bytes" showOnGraph="true" isSelected="false">
                  <CounterDescriptor machineName="DOTNET" categoryName="Memory" counterName="Available MBytes" instanceName="systemdiagnosticsperfcounterlibsingleinstance" baseInstanceName="systemdiagnosticsperfcounterlibsingleinstance" loadTestItemId="-1" />
                </PlotDescriptor>
              </PlotDescriptors>
            </GraphDescriptor>
            <GraphDescriptor graphName="Test Response Time">
              <HorizontalZoomRange lower="-1" upper="-1" />
              <VerticalZoomRange lower="0" upper="4" />
              <PlotDescriptors>
                <PlotDescriptor colorArgb="-65536" lineStyle="0" fixedRange="4" rangeGroup="Avg. Test Time" showOnGraph="true" isSelected="true" counterMetadata="TestGetTask;ProjectManagerScenario">
                  <CounterDescriptor machineName="DOTNET" categoryName="LoadTest:Test" counterName="Avg. Test Time" instanceName="TestGetTask(009)" baseInstanceName="TestGetTask" loadTestItemId="9" />
                </PlotDescriptor>
                <PlotDescriptor colorArgb="-16744448" lineStyle="0" fixedRange="4" rangeGroup="Avg. Test Time" showOnGraph="true" isSelected="false" counterMetadata="TestGetCompleted;ProjectManagerScenario">
                  <CounterDescriptor machineName="DOTNET" categoryName="LoadTest:Test" counterName="Avg. Test Time" instanceName="TestGetCompleted(006)" baseInstanceName="TestGetCompleted" loadTestItemId="6" />
                </PlotDescriptor>
                <PlotDescriptor colorArgb="-16776961" lineStyle="0" fixedRange="4" rangeGroup="Avg. Test Time" showOnGraph="true" isSelected="false" counterMetadata="TestGetUserById;ProjectManagerScenario">
                  <CounterDescriptor machineName="DOTNET" categoryName="LoadTest:Test" counterName="Avg. Test Time" instanceName="TestGetUserById(012)" baseInstanceName="TestGetUserById" loadTestItemId="12" />
                </PlotDescriptor>
                <PlotDescriptor colorArgb="-8388480" lineStyle="0" fixedRange="4" rangeGroup="Avg. Test Time" showOnGraph="true" isSelected="false" counterMetadata="TestAddProject;ProjectManagerScenario">
                  <CounterDescriptor machineName="DOTNET" categoryName="LoadTest:Test" counterName="Avg. Test Time" instanceName="TestAddProject(000)" baseInstanceName="TestAddProject" loadTestItemId="0" />
                </PlotDescriptor>
                <PlotDescriptor colorArgb="-23296" lineStyle="0" fixedRange="4" rangeGroup="Avg. Test Time" showOnGraph="true" isSelected="false" counterMetadata="TestDeleteUser;ProjectManagerScenario">
                  <CounterDescriptor machineName="DOTNET" categoryName="LoadTest:Test" counterName="Avg. Test Time" instanceName="TestDeleteUser(005)" baseInstanceName="TestDeleteUser" loadTestItemId="5" />
                </PlotDescriptor>
                <PlotDescriptor colorArgb="-16744320" lineStyle="0" fixedRange="4" rangeGroup="Avg. Test Time" showOnGraph="true" isSelected="false" counterMetadata="TestDeleteTask;ProjectManagerScenario">
                  <CounterDescriptor machineName="DOTNET" categoryName="LoadTest:Test" counterName="Avg. Test Time" instanceName="TestDeleteTask(004)" baseInstanceName="TestDeleteTask" loadTestItemId="4" />
                </PlotDescriptor>
                <PlotDescriptor colorArgb="-7667712" lineStyle="0" fixedRange="4" rangeGroup="Avg. Test Time" showOnGraph="true" isSelected="false" counterMetadata="TestAddUser;ProjectManagerScenario">
                  <CounterDescriptor machineName="DOTNET" categoryName="LoadTest:Test" counterName="Avg. Test Time" instanceName="TestAddUser(002)" baseInstanceName="TestAddUser" loadTestItemId="2" />
                </PlotDescriptor>
                <PlotDescriptor colorArgb="-16751616" lineStyle="0" fixedRange="4" rangeGroup="Avg. Test Time" showOnGraph="true" isSelected="false" counterMetadata="TestGetTasks;ProjectManagerScenario">
                  <CounterDescriptor machineName="DOTNET" categoryName="LoadTest:Test" counterName="Avg. Test Time" instanceName="TestGetTasks(011)" baseInstanceName="TestGetTasks" loadTestItemId="11" />
                </PlotDescriptor>
                <PlotDescriptor colorArgb="-16777077" lineStyle="0" fixedRange="4" rangeGroup="Avg. Test Time" showOnGraph="true" isSelected="false" counterMetadata="TestDeleteProject;ProjectManagerScenario">
                  <CounterDescriptor machineName="DOTNET" categoryName="LoadTest:Test" counterName="Avg. Test Time" instanceName="TestDeleteProject(003)" baseInstanceName="TestDeleteProject" loadTestItemId="3" />
                </PlotDescriptor>
                <PlotDescriptor colorArgb="-16741493" lineStyle="0" fixedRange="4" rangeGroup="Avg. Test Time" showOnGraph="true" isSelected="false" counterMetadata="TestUpdateProject;ProjectManagerScenario">
                  <CounterDescriptor machineName="DOTNET" categoryName="LoadTest:Test" counterName="Avg. Test Time" instanceName="TestUpdateProject(014)" baseInstanceName="TestUpdateProject" loadTestItemId="14" />
                </PlotDescriptor>
                <PlotDescriptor colorArgb="-5383962" lineStyle="0" fixedRange="4" rangeGroup="Avg. Test Time" showOnGraph="true" isSelected="false" counterMetadata="TestGetTaskByProject_Id;ProjectManagerScenario">
                  <CounterDescriptor machineName="DOTNET" categoryName="LoadTest:Test" counterName="Avg. Test Time" instanceName="TestGetTaskByProject_Id(010)" baseInstanceName="TestGetTaskByProject_Id" loadTestItemId="10" />
                </PlotDescriptor>
                <PlotDescriptor colorArgb="-7278960" lineStyle="0" fixedRange="4" rangeGroup="Avg. Test Time" showOnGraph="true" isSelected="false" counterMetadata="TestAddTask;ProjectManagerScenario">
                  <CounterDescriptor machineName="DOTNET" categoryName="LoadTest:Test" counterName="Avg. Test Time" instanceName="TestAddTask(001)" baseInstanceName="TestAddTask" loadTestItemId="1" />
                </PlotDescriptor>
                <PlotDescriptor colorArgb="-38476" lineStyle="0" fixedRange="4" rangeGroup="Avg. Test Time" showOnGraph="true" isSelected="false" counterMetadata="TestGetProjects;ProjectManagerScenario">
                  <CounterDescriptor machineName="DOTNET" categoryName="LoadTest:Test" counterName="Avg. Test Time" instanceName="TestGetProjects(008)" baseInstanceName="TestGetProjects" loadTestItemId="8" />
                </PlotDescriptor>
                <PlotDescriptor colorArgb="-10496" lineStyle="0" fixedRange="4" rangeGroup="Avg. Test Time" showOnGraph="true" isSelected="false" counterMetadata="TestUpdateUser;ProjectManagerScenario">
                  <CounterDescriptor machineName="DOTNET" categoryName="LoadTest:Test" counterName="Avg. Test Time" instanceName="TestUpdateUser(016)" baseInstanceName="TestUpdateUser" loadTestItemId="16" />
                </PlotDescriptor>
                <PlotDescriptor colorArgb="-16777216" lineStyle="0" fixedRange="4" rangeGroup="Avg. Test Time" showOnGraph="true" isSelected="false" counterMetadata="TestGetProjectById;ProjectManagerScenario">
                  <CounterDescriptor machineName="DOTNET" categoryName="LoadTest:Test" counterName="Avg. Test Time" instanceName="TestGetProjectById(007)" baseInstanceName="TestGetProjectById" loadTestItemId="7" />
                </PlotDescriptor>
                <PlotDescriptor colorArgb="-65536" lineStyle="0" fixedRange="4" rangeGroup="Avg. Test Time" showOnGraph="true" isSelected="false" counterMetadata="TestGetUsers;ProjectManagerScenario">
                  <CounterDescriptor machineName="DOTNET" categoryName="LoadTest:Test" counterName="Avg. Test Time" instanceName="TestGetUsers(013)" baseInstanceName="TestGetUsers" loadTestItemId="13" />
                </PlotDescriptor>
                <PlotDescriptor colorArgb="-16744448" lineStyle="0" fixedRange="4" rangeGroup="Avg. Test Time" showOnGraph="true" isSelected="false" counterMetadata="TestUpdateTask;ProjectManagerScenario">
                  <CounterDescriptor machineName="DOTNET" categoryName="LoadTest:Test" counterName="Avg. Test Time" instanceName="TestUpdateTask(015)" baseInstanceName="TestUpdateTask" loadTestItemId="15" />
                </PlotDescriptor>
              </PlotDescriptors>
            </GraphDescriptor>
            <GraphDescriptor graphName="Transaction Response Time">
              <HorizontalZoomRange lower="-1" upper="-1" />
              <VerticalZoomRange lower="0" upper="100" />
            </GraphDescriptor>
          </GraphDescriptors>
        </LoadTestRunDescriptor>
      </AnalyzerViewState>
      <Summary>
        <PerformanceCounterResults>
          <PerformanceCounterResult isOverallResultCounter="true" higherIsBetter="true" machineName="DOTNET" categoryName="LoadTest:Scenario" counterName="User Load" instanceName="_Total" value="50" />
          <PerformanceCounterResult isOverallResultCounter="true" higherIsBetter="true" machineName="DOTNET" categoryName="LoadTest:Test" counterName="Total Tests" instanceName="_Total" value="7054" />
          <PerformanceCounterResult isOverallResultCounter="true" higherIsBetter="false" machineName="DOTNET" categoryName="LoadTest:Test" counterName="Failed Tests" instanceName="_Total" value="1682" />
          <PerformanceCounterResult isOverallResultCounter="true" higherIsBetter="true" machineName="DOTNET" categoryName="LoadTest:Test" counterName="Tests/Sec" instanceName="_Total" value="56.61816" />
          <PerformanceCounterResult isOverallResultCounter="true" higherIsBetter="false" machineName="DOTNET" categoryName="LoadTest:Test" counterName="Avg. Test Time" instanceName="_Total" value="0.794751644" />
          <PerformanceCounterResult isOverallResultCounter="false" higherIsBetter="false" machineName="DOTNET" categoryName="Processor" counterName="% Processor Time" instanceName="_Total" value="100" />
          <PerformanceCounterResult isOverallResultCounter="false" higherIsBetter="true" machineName="DOTNET" categoryName="Memory" counterName="Available MBytes" instanceName="-" value="5310" />
          <PerformanceCounterResult isOverallResultCounter="false" higherIsBetter="false" machineName="DOTNET" categoryName="Network Interface" counterName="Bytes Received/sec" instanceName="microsoft hyper-v network adapter _2" value="4400.565" />
          <PerformanceCounterResult isOverallResultCounter="false" higherIsBetter="false" machineName="DOTNET" categoryName="Network Interface" counterName="Bytes Sent/sec" instanceName="microsoft hyper-v network adapter _2" value="558.5517" />
        </PerformanceCounterResults>
        <TestSummaries>
          <TestSummary scenarioName="ProjectManagerScenario" testName="TestGetTask" totalTests="428" testsFailed="428" averageDuration="415" />
          <TestSummary scenarioName="ProjectManagerScenario" testName="TestGetCompleted" totalTests="424" testsFailed="0" averageDuration="820" />
          <TestSummary scenarioName="ProjectManagerScenario" testName="TestGetUserById" totalTests="426" testsFailed="0" averageDuration="380" />
          <TestSummary scenarioName="ProjectManagerScenario" testName="TestAddProject" totalTests="389" testsFailed="0" averageDuration="744" />
          <TestSummary scenarioName="ProjectManagerScenario" testName="TestDeleteUser" totalTests="403" testsFailed="403" averageDuration="769" />
          <TestSummary scenarioName="ProjectManagerScenario" testName="TestDeleteTask" totalTests="423" testsFailed="423" averageDuration="738" />
          <TestSummary scenarioName="ProjectManagerScenario" testName="TestAddUser" totalTests="412" testsFailed="0" averageDuration="813" />
          <TestSummary scenarioName="ProjectManagerScenario" testName="TestGetTasks" totalTests="438" testsFailed="0" averageDuration="1195" />
          <TestSummary scenarioName="ProjectManagerScenario" testName="TestDeleteProject" totalTests="428" testsFailed="428" averageDuration="842" />
          <TestSummary scenarioName="ProjectManagerScenario" testName="TestUpdateProject" totalTests="423" testsFailed="0" averageDuration="396" />
          <TestSummary scenarioName="ProjectManagerScenario" testName="TestGetTaskByProject_Id" totalTests="393" testsFailed="0" averageDuration="744" />
          <TestSummary scenarioName="ProjectManagerScenario" testName="TestAddTask" totalTests="443" testsFailed="0" averageDuration="1149" />
          <TestSummary scenarioName="ProjectManagerScenario" testName="TestGetProjects" totalTests="419" testsFailed="0" averageDuration="771" />
          <TestSummary scenarioName="ProjectManagerScenario" testName="TestUpdateUser" totalTests="377" testsFailed="0" averageDuration="1152" />
          <TestSummary scenarioName="ProjectManagerScenario" testName="TestGetProjectById" totalTests="468" testsFailed="0" averageDuration="393" />
          <TestSummary scenarioName="ProjectManagerScenario" testName="TestGetUsers" totalTests="409" testsFailed="0" averageDuration="1137" />
          <TestSummary scenarioName="ProjectManagerScenario" testName="TestUpdateTask" totalTests="351" testsFailed="0" averageDuration="1166" />
        </TestSummaries>
      </Summary>
    </LoadTestResult>
  </Results>
</TestRun>